O:56:"Superciety\ElrondSdk\Api\Network\Responses\NetworkConfig":18:{s:12:"erd_chain_id";s:1:"1";s:16:"erd_denomination";i:18;s:21:"erd_gas_per_data_byte";i:1500;s:22:"erd_gas_price_modifier";s:4:"0.01";s:31:"erd_latest_tag_software_version";s:9:"v1.2.22.1";s:29:"erd_meta_consensus_group_size";i:400;s:17:"erd_min_gas_limit";i:50000;s:17:"erd_min_gas_price";i:1000000000;s:27:"erd_min_transaction_version";i:1;s:23:"erd_num_metachain_nodes";i:400;s:22:"erd_num_nodes_in_shard";i:400;s:27:"erd_num_shards_without_meta";i:3;s:33:"erd_rewards_top_up_gradient_point";s:25:"2000000000000000000000000";s:18:"erd_round_duration";i:6000;s:20:"erd_rounds_per_epoch";i:14400;s:30:"erd_shard_consensus_group_size";i:63;s:14:"erd_start_time";i:1596117600;s:17:"erd_top_up_factor";s:8:"0.500000";}