O:52:"Superciety\ElrondSdk\Api\Network\Responses\Economics":7:{s:15:"erd_dev_rewards";s:18:"431881930809000000";s:28:"erd_epoch_for_economics_data";i:439;s:13:"erd_inflation";s:22:"5309701523648625459568";s:27:"erd_total_base_staked_value";s:25:"8190000000000000000000000";s:14:"erd_total_fees";s:19:"6290198973140000000";s:16:"erd_total_supply";s:26:"22552498146454845804720322";s:22:"erd_total_top_up_value";s:25:"3538629699443199411790781";}