O:54:"Superciety\ElrondSdk\Api\Entities\NftCollectionAccount":10:{s:10:"collection";s:17:"EVOLUTIONS-570eff";s:4:"type";s:15:"NonFungibleESDT";s:4:"name";s:15:"EvolutionSeries";s:6:"ticker";s:17:"EVOLUTIONS-570eff";s:9:"canFreeze";b:0;s:7:"canWipe";b:0;s:8:"canPause";b:0;s:15:"canTransferRole";b:0;s:9:"canCreate";b:1;s:7:"canBurn";b:0;}