O:58:"Superciety\ElrondSdk\Api\Entities\TokenDetailedWithBalance":18:{s:10:"identifier";s:12:"WHALE-b018f0";s:4:"name";s:9:"Whalecoin";s:5:"owner";s:62:"erd1660va6y429mxz4dkgek0ssny8tccaaaaaaaaaabbbbbbbbbbxxxxxxxxxx";s:8:"decimals";i:6;s:8:"isPaused";b:0;s:6:"assets";N;s:10:"canUpgrade";b:1;s:7:"canMint";b:1;s:7:"canBurn";b:1;s:14:"canChangeOwner";b:1;s:8:"canPause";b:1;s:9:"canFreeze";b:1;s:7:"canWipe";b:1;s:7:"balance";O:35:"Superciety\ElrondSdk\Domain\Balance":2:{s:5:"token";O:33:"Superciety\ElrondSdk\Domain\Token":3:{s:10:"identifier";s:12:"WHALE-b018f0";s:4:"name";s:9:"Whalecoin";s:8:"decimals";i:6;}s:6:"amount";s:13:"1000000000000";}s:6:"ticker";s:12:"WHALE-b018f0";s:5:"burnt";s:1:"0";s:6:"minted";s:19:"2644244444444000000";s:6:"supply";s:19:"3000000000000000000";}