O:48:"Superciety\ElrondSdk\Blocks\Responses\Hyperblock":8:{s:5:"nonce";i:185833;s:5:"round";i:186582;s:4:"hash";s:7:"6a33...";s:13:"prevBlockHash";s:7:"aa7e...";s:5:"epoch";i:12;s:6:"numTxs";i:1;s:11:"shardBlocks";a:3:{i:0;O:48:"Superciety\ElrondSdk\Blocks\Responses\ShardBlock":3:{s:4:"hash";s:7:"cba4...";s:5:"nonce";i:186556;s:5:"shard";i:0;}i:1;O:48:"Superciety\ElrondSdk\Blocks\Responses\ShardBlock":3:{s:4:"hash";s:8:"50a16...";s:5:"nonce";i:186535;s:5:"shard";i:1;}i:2;O:48:"Superciety\ElrondSdk\Blocks\Responses\ShardBlock":3:{s:4:"hash";s:7:"7981...";s:5:"nonce";i:186536;s:5:"shard";i:2;}}s:12:"transactions";a:1:{i:0;O:49:"Superciety\ElrondSdk\Blocks\Responses\Transaction":11:{s:4:"type";s:6:"normal";s:4:"hash";s:7:"b035...";s:5:"nonce";i:3;s:5:"value";s:19:"1000000000000000000";s:8:"receiver";s:7:"erd1...";s:6:"sender";s:7:"erd1...";s:8:"gasPrice";i:1000000000;s:8:"gasLimit";i:70000;s:4:"data";s:12:"Zm9yIHRlc3Rz";s:9:"signature";s:7:"1047...";s:6:"status";s:8:"executed";}}}