O:50:"Superciety\ElrondSdk\Network\Responses\ShardStatus":9:{s:17:"erd_current_round";i:6335110;s:16:"erd_epoch_number";i:439;s:23:"erd_highest_final_nonce";i:6316804;s:9:"erd_nonce";i:6316805;s:24:"erd_nonce_at_epoch_start";i:6303743;s:34:"erd_nonces_passed_in_current_epoch";i:13062;s:24:"erd_round_at_epoch_start";i:6322040;s:34:"erd_rounds_passed_in_current_epoch";i:13070;s:20:"erd_rounds_per_epoch";i:14400;}