O:44:"Superciety\ElrondSdk\Domain\NetworkConstants":5:{s:7:"chainId";s:1:"1";s:14:"gasPerDataByte";i:1500;s:11:"minGasLimit";i:50000;s:11:"minGasPrice";i:1000000000;s:21:"minTransactionVersion";i:1;}