O:31:"Superciety\ElrondSdk\Domain\Nft":16:{s:10:"identifier";s:17:"MARSHM1-021222-74";s:10:"collection";s:14:"MARSHM1-021222";s:9:"timestamp";i:1636642038;s:10:"attributes";s:81:"Background:white; skin:orange; contour:black; effect:half tone; accessories:dango";s:5:"nonce";i:116;s:4:"type";s:15:"NonFungibleESDT";s:4:"name";s:15:"Marshmallow #89";s:7:"creator";s:62:"erd1jw85qvfr6dk0kulyjsxppk3a5wf0kyplddp07s8r3nyslwwyuqqqev553j";s:9:"royalties";i:8;s:3:"url";s:83:"https://bafybeif2duocpuzqjqfhfzmkptjfruaerczxjmqmrdiod5ippld7pjsy4q.ipfs.dweb.link/";s:6:"ticker";s:14:"MARSHM1-021222";s:12:"thumbnailUrl";N;s:5:"owner";s:62:"erd1qqqqqqqqqqqqqpgqd9rvv2n378e27jcts8vfwynpx0gfl5ufz6hqhfy0u0";s:6:"supply";i:1;s:4:"tags";a:0:{}s:11:"description";s:16:"test description";}