O:47:"Superciety\ElrondSdk\Api\Entities\TokenDetailed":17:{s:10:"identifier";s:12:"SUPER-764d8d";s:4:"name";s:5:"SUPER";s:6:"ticker";s:12:"SUPER-764d8d";s:5:"owner";s:62:"erd1jd7gxdrv7qkghmm4afzk9hy6pw4qa5cfwt0nl7tmyhqujktc27rskzqmke";s:8:"decimals";i:0;s:8:"isPaused";b:0;s:6:"assets";N;s:10:"canUpgrade";b:1;s:7:"canMint";b:1;s:7:"canBurn";b:1;s:14:"canChangeOwner";b:1;s:8:"canPause";b:0;s:9:"canFreeze";b:0;s:7:"canWipe";b:0;s:6:"supply";s:8:"10000000";s:6:"minted";s:7:"5000000";s:5:"burnt";s:1:"0";}