O:45:"Superciety\ElrondSdk\Api\Entities\Transaction":18:{s:6:"txHash";s:64:"c21ad6f5241d5e8b84f98cc9c37e660edcb049376fc51bd1866d73b6a4c9d615";s:5:"nonce";i:24863;s:8:"receiver";s:62:"erd1x4ks5f3hynsppytz2xq338ls36hxzkh6cr3erh5stq4cpgnfkqwq5ppzqp";s:6:"sender";s:62:"erd1rm8pg3yrngzyhrjejkz3xq2lfp64mvnt64llj3fyft53d3t4ckjq0q8v4k";s:6:"status";s:7:"success";s:5:"value";s:17:"79000000000000000";s:8:"gasLimit";i:50000;s:8:"gasPrice";i:1000000000;s:7:"gasUsed";i:50000;s:13:"miniBlockHash";s:64:"2f84125daba3eca90ad72214d2ca8af76370ca68b1ad63756e4ff76f0e1f1f43";s:13:"receiverShard";i:0;s:11:"senderShard";s:1:"0";s:9:"signature";s:128:"c671b8bfcdccc7e1e110e4054f5d5eb60286a8433b900c4eec99571764aab690c5cbc63375b5fad4fac7e64a2a9cb0c8030ab2a7df73252c7a880874fbbda307";s:3:"fee";s:14:"50000000000000";s:9:"timestamp";O:13:"Carbon\Carbon":3:{s:4:"date";s:26:"2021-11-21 23:09:24.000000";s:13:"timezone_type";i:1;s:8:"timezone";s:6:"+00:00";}s:4:"data";N;s:15:"tokenIdentifier";N;s:10:"tokenValue";N;}